r0 truck 1t holes_batch/1            pass
r0 occt  1t holes_batch/1            pass
r0 truck 4t holes_batch/1            pass
r0 occt  4t holes_batch/1            pass
r0 truck 1t holes_batch/10           pass
r0 occt  1t holes_batch/10           pass
r0 truck 4t holes_batch/10           pass
r0 occt  4t holes_batch/10           pass
r0 truck 1t holes_batch/30           pass
r0 occt  1t holes_batch/30           pass
r0 truck 4t holes_batch/30           pass
r0 occt  4t holes_batch/30           pass
r0 truck 1t holes_batch/100          pass
r0 occt  1t holes_batch/100          pass
r0 truck 4t holes_batch/100          pass
r0 occt  4t holes_batch/100          pass
r0 truck 1t holes_sequential/1       pass
r0 occt  1t holes_sequential/1       pass
r0 truck 4t holes_sequential/1       pass
r0 occt  4t holes_sequential/1       pass
r0 truck 1t holes_sequential/10      pass
r0 occt  1t holes_sequential/10      pass
r0 truck 4t holes_sequential/10      pass
r0 occt  4t holes_sequential/10      pass
r0 truck 1t holes_sequential/30      pass
r0 occt  1t holes_sequential/30      pass
r0 truck 4t holes_sequential/30      pass
r0 occt  4t holes_sequential/30      pass
r0 truck 1t holes_sequential/100     pass
r0 occt  1t holes_sequential/100     pass
r0 truck 4t holes_sequential/100     pass
r0 occt  4t holes_sequential/100     pass
r0 truck 1t knurl/16                 pass
r0 occt  1t knurl/16                 pass
r0 truck 4t knurl/16                 pass
r0 occt  4t knurl/16                 pass
r0 truck 1t knurl/64                 pass
r0 occt  1t knurl/64                 pass
r0 truck 4t knurl/64                 pass
r0 occt  4t knurl/64                 pass
r0 truck 1t knurl/128                pass
r0 occt  1t knurl/128                pass
r0 truck 4t knurl/128                pass
r0 occt  4t knurl/128                pass
r0 truck 1t thread/1                 pass
r0 occt  1t thread/1                 pass
r0 truck 4t thread/1                 pass
r0 occt  4t thread/1                 pass
r0 truck 1t thread/4                 pass
r0 occt  1t thread/4                 pass
r0 truck 4t thread/4                 pass
r0 occt  4t thread/4                 pass
r0 truck 1t near_tangent/0.01        pass
r0 occt  1t near_tangent/0.01        pass
r0 truck 4t near_tangent/0.01        pass
r0 occt  4t near_tangent/0.01        pass
r0 truck 1t near_tangent/0.001       pass
r0 occt  1t near_tangent/0.001       pass
r0 truck 4t near_tangent/0.001       pass
r0 occt  4t near_tangent/0.001       pass
r0 truck 1t thin_wall/0.1            pass
r0 occt  1t thin_wall/0.1            pass
r0 truck 4t thin_wall/0.1            pass
r0 occt  4t thin_wall/0.1            pass
r0 truck 1t thin_wall/0.01           pass
r0 occt  1t thin_wall/0.01           pass
r0 truck 4t thin_wall/0.01           pass
r0 occt  4t thin_wall/0.01           pass
r0 truck 1t fillet_bore/0.5          pass
r0 occt  1t fillet_bore/0.5          pass
r0 truck 4t fillet_bore/0.5          pass
r0 occt  4t fillet_bore/0.5          pass
r0 truck 1t mesh_plate/1             pass
r0 occt  1t mesh_plate/1             pass
r0 truck 4t mesh_plate/1             pass
r0 occt  4t mesh_plate/1             pass
r0 truck 1t mesh_plate/100           pass
r0 occt  1t mesh_plate/100           pass
r0 truck 4t mesh_plate/100           pass
r0 occt  4t mesh_plate/100           pass
r1 truck 1t holes_batch/1            pass
r1 occt  1t holes_batch/1            pass
r1 truck 4t holes_batch/1            pass
r1 occt  4t holes_batch/1            pass
r1 truck 1t holes_batch/10           pass
r1 occt  1t holes_batch/10           pass
r1 truck 4t holes_batch/10           pass
r1 occt  4t holes_batch/10           pass
r1 truck 1t holes_batch/30           pass
r1 occt  1t holes_batch/30           pass
r1 truck 4t holes_batch/30           pass
r1 occt  4t holes_batch/30           pass
r1 truck 1t holes_batch/100          pass
r1 occt  1t holes_batch/100          pass
r1 truck 4t holes_batch/100          pass
r1 occt  4t holes_batch/100          pass
r1 truck 1t holes_sequential/1       pass
r1 occt  1t holes_sequential/1       pass
r1 truck 4t holes_sequential/1       pass
r1 occt  4t holes_sequential/1       pass
r1 truck 1t holes_sequential/10      pass
r1 occt  1t holes_sequential/10      pass
r1 truck 4t holes_sequential/10      pass
r1 occt  4t holes_sequential/10      pass
r1 truck 1t holes_sequential/30      pass
r1 occt  1t holes_sequential/30      pass
r1 truck 4t holes_sequential/30      pass
r1 occt  4t holes_sequential/30      pass
r1 truck 1t holes_sequential/100     pass
r1 occt  1t holes_sequential/100     pass
r1 truck 4t holes_sequential/100     pass
r1 occt  4t holes_sequential/100     pass
r1 truck 1t knurl/16                 pass
r1 occt  1t knurl/16                 pass
r1 truck 4t knurl/16                 pass
r1 occt  4t knurl/16                 pass
r1 truck 1t knurl/64                 pass
r1 occt  1t knurl/64                 pass
r1 truck 4t knurl/64                 pass
r1 occt  4t knurl/64                 pass
r1 truck 1t knurl/128                pass
r1 occt  1t knurl/128                pass
r1 truck 4t knurl/128                pass
r1 occt  4t knurl/128                pass
r1 truck 1t thread/1                 pass
r1 occt  1t thread/1                 pass
r1 truck 4t thread/1                 pass
r1 occt  4t thread/1                 pass
r1 truck 1t thread/4                 pass
r1 occt  1t thread/4                 pass
r1 truck 4t thread/4                 pass
r1 occt  4t thread/4                 pass
r1 truck 1t near_tangent/0.01        pass
r1 occt  1t near_tangent/0.01        pass
r1 truck 4t near_tangent/0.01        pass
r1 occt  4t near_tangent/0.01        pass
r1 truck 1t near_tangent/0.001       pass
r1 occt  1t near_tangent/0.001       pass
r1 truck 4t near_tangent/0.001       pass
r1 occt  4t near_tangent/0.001       pass
r1 truck 1t thin_wall/0.1            pass
r1 occt  1t thin_wall/0.1            pass
r1 truck 4t thin_wall/0.1            pass
r1 occt  4t thin_wall/0.1            pass
r1 truck 1t thin_wall/0.01           pass
r1 occt  1t thin_wall/0.01           pass
r1 truck 4t thin_wall/0.01           pass
r1 occt  4t thin_wall/0.01           pass
r1 truck 1t fillet_bore/0.5          pass
r1 occt  1t fillet_bore/0.5          pass
r1 truck 4t fillet_bore/0.5          pass
r1 occt  4t fillet_bore/0.5          pass
r1 truck 1t mesh_plate/1             pass
r1 occt  1t mesh_plate/1             pass
r1 truck 4t mesh_plate/1             pass
r1 occt  4t mesh_plate/1             pass
r1 truck 1t mesh_plate/100           pass
r1 occt  1t mesh_plate/100           pass
r1 truck 4t mesh_plate/100           pass
r1 occt  4t mesh_plate/100           pass
r2 occt  4t mesh_plate/100           pass
r2 truck 4t mesh_plate/100           pass
r2 occt  1t mesh_plate/100           pass
r2 truck 1t mesh_plate/100           pass
r2 occt  4t mesh_plate/1             pass
r2 truck 4t mesh_plate/1             pass
r2 occt  1t mesh_plate/1             pass
r2 truck 1t mesh_plate/1             pass
r2 occt  4t fillet_bore/0.5          pass
r2 truck 4t fillet_bore/0.5          pass
r2 occt  1t fillet_bore/0.5          pass
r2 truck 1t fillet_bore/0.5          pass
r2 occt  4t thin_wall/0.01           pass
r2 truck 4t thin_wall/0.01           pass
r2 occt  1t thin_wall/0.01           pass
r2 truck 1t thin_wall/0.01           pass
r2 occt  4t thin_wall/0.1            pass
r2 truck 4t thin_wall/0.1            pass
r2 occt  1t thin_wall/0.1            pass
r2 truck 1t thin_wall/0.1            pass
r2 occt  4t near_tangent/0.001       pass
r2 truck 4t near_tangent/0.001       pass
r2 occt  1t near_tangent/0.001       pass
r2 truck 1t near_tangent/0.001       pass
r2 occt  4t near_tangent/0.01        pass
r2 truck 4t near_tangent/0.01        pass
r2 occt  1t near_tangent/0.01        pass
r2 truck 1t near_tangent/0.01        pass
r2 occt  4t thread/4                 pass
r2 truck 4t thread/4                 pass
r2 occt  1t thread/4                 pass
r2 truck 1t thread/4                 pass
r2 occt  4t thread/1                 pass
r2 truck 4t thread/1                 pass
r2 occt  1t thread/1                 pass
r2 truck 1t thread/1                 pass
r2 occt  4t knurl/128                pass
r2 truck 4t knurl/128                pass
r2 occt  1t knurl/128                pass
r2 truck 1t knurl/128                pass
r2 occt  4t knurl/64                 pass
r2 truck 4t knurl/64                 pass
r2 occt  1t knurl/64                 pass
r2 truck 1t knurl/64                 pass
r2 occt  4t knurl/16                 pass
r2 truck 4t knurl/16                 pass
r2 occt  1t knurl/16                 pass
r2 truck 1t knurl/16                 pass
r2 occt  4t holes_sequential/100     pass
r2 truck 4t holes_sequential/100     pass
r2 occt  1t holes_sequential/100     pass
r2 truck 1t holes_sequential/100     pass
r2 occt  4t holes_sequential/30      pass
r2 truck 4t holes_sequential/30      pass
r2 occt  1t holes_sequential/30      pass
r2 truck 1t holes_sequential/30      pass
r2 occt  4t holes_sequential/10      pass
r2 truck 4t holes_sequential/10      pass
r2 occt  1t holes_sequential/10      pass
r2 truck 1t holes_sequential/10      pass
r2 occt  4t holes_sequential/1       pass
r2 truck 4t holes_sequential/1       pass
r2 occt  1t holes_sequential/1       pass
r2 truck 1t holes_sequential/1       pass
r2 occt  4t holes_batch/100          pass
r2 truck 4t holes_batch/100          pass
r2 occt  1t holes_batch/100          pass
r2 truck 1t holes_batch/100          pass
r2 occt  4t holes_batch/30           pass
r2 truck 4t holes_batch/30           pass
r2 occt  1t holes_batch/30           pass
r2 truck 1t holes_batch/30           pass
r2 occt  4t holes_batch/10           pass
r2 truck 4t holes_batch/10           pass
r2 occt  1t holes_batch/10           pass
r2 truck 1t holes_batch/10           pass
r2 occt  4t holes_batch/1            pass
r2 truck 4t holes_batch/1            pass
r2 occt  1t holes_batch/1            pass
r2 truck 1t holes_batch/1            pass
Report: /home/krone/Development/Pieza_WS/truck-analytic-holes/truck-benchmarks/results/2026-10-10-all-benchmarks/occt/REPORT.md
